[    0.000000] Initializing cgroup subsys cpuset
[    0.000000] Initializing cgroup subsys cpu
[    0.000000] Initializing cgroup subsys cpuacct
[    0.000000] Linux version 4.4.0-210-generic (buildd@lgw01-amd64-009) (gcc version 5.4.0 20160609 (Ubuntu 5.4.0-6ubuntu1~16.04.12) ) #242-Ubuntu SMP Fri Apr 16 09:57:56 UTC 2021 (Ubuntu 4.4.0-210.242-generic 4.4.262)
[    0.000000] Command line: BOOT_IMAGE=/boot/vmlinuz-4.4.0-210-generic root=LABEL=cloudimg-rootfs ro console=tty1 console=ttyS0
[    0.000000] KERNEL supported cpus:
[    0.000000]   Intel GenuineIntel
[    0.000000]   AMD AuthenticAMD
[    0.000000]   Centaur CentaurHauls
[    0.000000] x86/fpu: xstate_offset[2]:  576, xstate_sizes[2]:  256
[    0.000000] x86/fpu: Supporting XSAVE feature 0x01: 'x87 floating point registers'
[    0.000000] x86/fpu: Supporting XSAVE feature 0x02: 'SSE registers'
[    0.000000] x86/fpu: Supporting XSAVE feature 0x04: 'AVX registers'
[    0.000000] x86/fpu: Enabled xstate features 0x7, context size is 832 bytes, using 'standard' format.
[    0.000000] e820: BIOS-provided physical RAM map:
[    0.000000] BIOS-e820: [mem 0x0000000000000000-0x000000000009fbff] usable
[    0.000000] BIOS-e820: [mem 0x000000000009fc00-0x000000000009ffff] reserved
[    0.000000] BIOS-e820: [mem 0x00000000000f0000-0x00000000000fffff] reserved
[    0.000000] BIOS-e820: [mem 0x0000000000100000-0x000000003ffeffff] usable
[    0.000000] BIOS-e820: [mem 0x000000003fff0000-0x000000003fffffff] ACPI data
[    0.000000] BIOS-e820: [mem 0x00000000fec00000-0x00000000fec00fff] reserved
[    0.000000] BIOS-e820: [mem 0x00000000fee00000-0x00000000fee00fff] reserved
[    0.000000] BIOS-e820: [mem 0x00000000fffc0000-0x00000000ffffffff] reserved
[    0.000000] NX (Execute Disable) protection: active
[    0.000000] SMBIOS 2.5 present.
[    0.000000] Hypervisor detected: KVM
[    0.000000] e820: last_pfn = 0x3fff0 max_arch_pfn = 0x400000000
[    0.000000] MTRR: Disabled
[    0.000000] x86/PAT: MTRRs disabled, skipping PAT initialization too.
[    0.000000] CPU MTRRs all blank - virtualized system.
[    0.000000] x86/PAT: Configuration [0-7]: WB  WT  UC- UC  WB  WT  UC- UC  
[    0.000000] found SMP MP-table at [mem 0x0009fff0-0x0009ffff] mapped at [ffff88000009fff0]
[    0.000000] Scanning 1 areas for low memory corruption
[    0.000000] RAMDISK: [mem 0x362dc000-0x37165fff]
[    0.000000] ACPI: Early table checksum verification disabled
[    0.000000] ACPI: RSDP 0x00000000000E0000 000024 (v02 VBOX  )
[    0.000000] ACPI: XSDT 0x000000003FFF0030 00003C (v01 VBOX   VBOXXSDT 00000001 ASL  00000061)
[    0.000000] ACPI: FACP 0x000000003FFF00F0 0000F4 (v04 VBOX   VBOXFACP 00000001 ASL  00000061)
[    0.000000] ACPI: DSDT 0x000000003FFF0470 002325 (v02 VBOX   VBOXBIOS 00000002 INTL 20200925)
[    0.000000] ACPI: FACS 0x000000003FFF0200 000040
[    0.000000] ACPI: FACS 0x000000003FFF0200 000040
[    0.000000] ACPI: APIC 0x000000003FFF0240 00005C (v02 VBOX   VBOXAPIC 00000001 ASL  00000061)
[    0.000000] ACPI: SSDT 0x000000003FFF02A0 0001CC (v01 VBOX   VBOXCPUT 00000002 INTL 20200925)
[    0.000000] No NUMA configuration found
[    0.000000] Faking a node at [mem 0x0000000000000000-0x000000003ffeffff]
[    0.000000] NODE_DATA(0) allocated [mem 0x3ffeb000-0x3ffeffff]
[    0.000000] kvm-clock: Using msrs 4b564d01 and 4b564d00
[    0.000000] kvm-clock: cpu 0, msr 0:3ffe3001, primary cpu clock
[    0.000000] kvm-clock: using sched offset of 3428712838 cycles
[    0.000000] clocksource: kvm-clock: mask: 0xffffffffffffffff max_cycles: 0x1cd42e4dffb, max_idle_ns: 881590591483 ns
[    0.000000] Zone ranges:
[    0.000000]   DMA      [mem 0x0000000000001000-0x0000000000ffffff]
[    0.000000]   DMA32    [mem 0x0000000001000000-0x000000003ffeffff]
[    0.000000]   Normal   empty
[    0.000000]   Device   empty
[    0.000000] Movable zone start for each node
[    0.000000] Early memory node ranges
[    0.000000]   node   0: [mem 0x0000000000001000-0x000000000009efff]
[    0.000000]   node   0: [mem 0x0000000000100000-0x000000003ffeffff]
[    0.000000] Initmem setup node 0 [mem 0x0000000000001000-0x000000003ffeffff]
[    0.000000] ACPI: PM-Timer IO Port: 0x4008
[    0.000000] IOAPIC[0]: apic_id 2, version 32, address 0xfec00000, GSI 0-23
[    0.000000] ACPI: INT_SRC_OVR (bus 0 bus_irq 0 global_irq 2 dfl dfl)
[    0.000000] ACPI: INT_SRC_OVR (bus 0 bus_irq 9 global_irq 9 low level)
[    0.000000] Using ACPI (MADT) for SMP configuration information
[    0.000000] smpboot: Allowing 2 CPUs, 0 hotplug CPUs
[    0.000000] PM: Registered nosave memory: [mem 0x00000000-0x00000fff]
[    0.000000] PM: Registered nosave memory: [mem 0x0009f000-0x0009ffff]
[    0.000000] PM: Registered nosave memory: [mem 0x000a0000-0x000effff]
[    0.000000] PM: Registered nosave memory: [mem 0x000f0000-0x000fffff]
[    0.000000] e820: [mem 0x40000000-0xfebfffff] available for PCI devices
[    0.000000] Booting paravirtualized kernel on KVM
[    0.000000] clocksource: refined-jiffies: mask: 0xffffffff max_cycles: 0xffffffff, max_idle_ns: 7645519600211568 ns
[    0.000000] setup_percpu: NR_CPUS:512 nr_cpumask_bits:512 nr_cpu_ids:2 nr_node_ids:1
[    0.000000] PERCPU: Embedded 33 pages/cpu @ffff88003fc00000 s95192 r8192 d31784 u1048576
[    0.000000] Built 1 zonelists in Node order, mobility grouping on.  Total pages: 257912
[    0.000000] Policy zone: DMA32
[    0.000000] Kernel command line: BOOT_IMAGE=/boot/vmlinuz-4.4.0-210-generic root=LABEL=cloudimg-rootfs ro console=tty1 console=ttyS0
[    0.000000] PID hash table entries: 4096 (order: 3, 32768 bytes)
[    0.000000] Memory: 997792K/1048120K available (8644K kernel code, 1332K rwdata, 4044K rodata, 1492K init, 1164K bss, 50328K reserved, 0K cma-reserved)
[    0.000000] SLUB: HWalign=64, Order=0-3, MinObjects=0, CPUs=2, Nodes=1
[    0.000000] Kernel/User page tables isolation: enabled
[    0.000000] Hierarchical RCU implementation.
[    0.000000] 	Build-time adjustment of leaf fanout to 64.
[    0.000000] 	RCU restricting CPUs from NR_CPUS=512 to nr_cpu_ids=2.
[    0.000000] RCU: Adjusting geometry for rcu_fanout_leaf=64, nr_cpu_ids=2
[    0.000000] NR_IRQS:33024 nr_irqs:440 16
[    0.000000] Console: colour VGA+ 80x25
[    0.000000] console [tty1] enabled
[    0.000000] console [ttyS0] enabled
[    0.000000] tsc: Detected 2711.998 MHz processor
[    0.261023] Calibrating delay loop (skipped) preset value.. 5423.99 BogoMIPS (lpj=10847992)
[    0.267267] pid_max: default: 32768 minimum: 301
[    0.269017] ACPI: Core revision 20150930
[    0.272708] ACPI: 2 ACPI AML tables successfully acquired and loaded
[    0.275292] Security Framework initialized
[    0.276669] Yama: becoming mindful.
[    0.277912] AppArmor: AppArmor initialized
[    0.279462] Dentry cache hash table entries: 131072 (order: 8, 1048576 bytes)
[    0.282571] Inode-cache hash table entries: 65536 (order: 7, 524288 bytes)
[    0.284759] Mount-cache hash table entries: 2048 (order: 2, 16384 bytes)
[    0.286631] Mountpoint-cache hash table entries: 2048 (order: 2, 16384 bytes)
[    0.289030] Initializing cgroup subsys io
[    0.290317] Initializing cgroup subsys memory
[    0.291777] Initializing cgroup subsys devices
[    0.293187] Initializing cgroup subsys freezer
[    0.294570] Initializing cgroup subsys net_cls
[    0.296061] Initializing cgroup subsys perf_event
[    0.297542] Initializing cgroup subsys net_prio
[    0.298927] Initializing cgroup subsys hugetlb
[    0.300439] Initializing cgroup subsys pids
[    0.321171] mce: CPU supports 0 MCE banks
[    0.322580] Last level iTLB entries: 4KB 64, 2MB 8, 4MB 8
[    0.324182] Last level dTLB entries: 4KB 64, 2MB 0, 4MB 0, 1GB 4
[    0.325896] Spectre V1 : Mitigation: usercopy/swapgs barriers and __user pointer sanitization
[    0.328633] Spectre V2 : Mitigation: Full generic retpoline
[    0.330263] Spectre V2 : Spectre v2 / SpectreRSB mitigation: Filling RSB on context switch
[    0.332999] Speculative Store Bypass: Vulnerable
[    0.334449] SRBDS: Unknown: Dependent on hypervisor status
[    0.336194] MDS: Mitigation: Clear CPU buffers
[    0.341624] Freeing SMP alternatives memory: 36K
[    0.351963] ftrace: allocating 32380 entries in 127 pages
[    0.440591] smpboot: APIC(0) Converting physical 0 to logical package 0
[    0.442520] smpboot: Max logical packages: 1
[    0.444441] x2apic enabled
[    0.445906] Switched APIC routing to physical x2apic.
[    0.449462] ..TIMER: vector=0x30 apic1=0 pin1=2 apic2=-1 pin2=-1
[    0.559363] smpboot: CPU0: Intel(R) Core(TM) i5-7200U CPU @ 2.50GHz (family: 0x6, model: 0x8e, stepping: 0x9)
[    0.562639] Performance Events: unsupported p6 CPU model 142 no PMU driver, software events only.
[    0.581456] KVM setup paravirtual spinlock
[    0.583905] x86: Booting SMP configuration:
[    0.585295] .... node  #0, CPUs:      #1
[    0.586627] kvm-clock: cpu 1, msr 0:3ffe3041, secondary cpu clock
[    0.606885] mce: CPU supports 0 MCE banks
[    0.609865] x86: Booted up 1 node, 2 CPUs
[    0.611555] smpboot: Total of 2 processors activated (10847.99 BogoMIPS)
[    0.613932] devtmpfs: initialized
[    0.617437] evm: security.selinux
[    0.618602] evm: security.SMACK64
[    0.619772] evm: security.SMACK64EXEC
[    0.621012] evm: security.SMACK64TRANSMUTE
[    0.622315] evm: security.SMACK64MMAP
[    0.623528] evm: security.ima
[    0.624618] evm: security.capability
[    0.625994] clocksource: jiffies: mask: 0xffffffff max_cycles: 0xffffffff, max_idle_ns: 7645041785100000 ns
[    0.628920] futex hash table entries: 512 (order: 3, 32768 bytes)
[    0.630800] pinctrl core: initialized pinctrl subsystem
[    0.632491] RTC time: 15:54:16, date: 01/22/23
[    0.634308] NET: Registered protocol family 16
[    0.644086] cpuidle: using governor ladder
[    0.656772] cpuidle: using governor menu
[    0.658490] PCCT header not found.
[    0.660107] ACPI: bus type PCI registered
[    0.661637] acpiphp: ACPI Hot Plug PCI Controller Driver version: 0.5
[    0.663630] PCI: Using configuration type 1 for base access
[    0.678432] ACPI: Added _OSI(Module Device)
[    0.682403] ACPI: Added _OSI(Processor Device)
[    0.686326] ACPI: Added _OSI(3.0 _SCP Extensions)
[    0.689357] ACPI: Added _OSI(Processor Aggregator Device)
[    0.693631] ACPI: Executed 1 blocks of module-level executable AML code
[    0.700344] ACPI: Interpreter enabled
[    0.701866] ACPI: (supports S0 S5)
[    0.703067] ACPI: Using IOAPIC for interrupt routing
[    0.704807] PCI: Using host bridge windows from ACPI; if necessary, use "pci=nocrs" and report a bug
[    0.712551] ACPI: PCI Root Bridge [PCI0] (domain 0000 [bus 00-ff])
[    0.714334] acpi PNP0A03:00: _OSC: OS supports [ASPM ClockPM Segments MSI]
[    0.716679] acpi PNP0A03:00: _OSC: not requesting OS control; OS requires [ExtendedConfig ASPM ClockPM MSI]
[    0.719570] acpi PNP0A03:00: fail to add MMCONFIG information, can't access extended PCI configuration space under this bridge.
[    0.723227] PCI host bridge to bus 0000:00
[    0.725039] pci_bus 0000:00: root bus resource [io  0x0000-0x0cf7 window]
[    0.727804] pci_bus 0000:00: root bus resource [io  0x0d00-0xffff window]
[    0.730258] pci_bus 0000:00: root bus resource [mem 0x000a0000-0x000bffff window]
[    0.733584] pci_bus 0000:00: root bus resource [mem 0x40000000-0xfdffffff window]
[    0.736071] pci_bus 0000:00: root bus resource [bus 00-ff]
[    0.739952] pci 0000:00:01.1: legacy IDE quirk: reg 0x10: [io  0x01f0-0x01f7]
[    0.741915] pci 0000:00:01.1: legacy IDE quirk: reg 0x14: [io  0x03f6]
[    0.743803] pci 0000:00:01.1: legacy IDE quirk: reg 0x18: [io  0x0170-0x0177]
[    0.764777] pci 0000:00:01.1: legacy IDE quirk: reg 0x1c: [io  0x0376]
[    0.784073] pci 0000:00:07.0: quirk: [io  0x4000-0x403f] claimed by PIIX4 ACPI
[    0.787010] pci 0000:00:07.0: quirk: [io  0x4100-0x410f] claimed by PIIX4 SMB
[    0.800056] ACPI: PCI Interrupt Link [LNKA] (IRQs 5 9 10 *11)
[    0.802747] ACPI: PCI Interrupt Link [LNKB] (IRQs 5 9 *10 11)
[    0.805238] ACPI: PCI Interrupt Link [LNKC] (IRQs 5 *9 10 11)
[    0.807693] ACPI: PCI Interrupt Link [LNKD] (IRQs 5 9 10 *11)
[    0.810239] ACPI: Enabled 2 GPEs in block 00 to 07
[    0.812249] vgaarb: setting as boot device: PCI:0000:00:02.0
[    0.814003] vgaarb: device added: PCI:0000:00:02.0,decodes=io+mem,owns=io+mem,locks=none
[    0.816609] vgaarb: loaded
[    0.817647] vgaarb: bridge control possible 0000:00:02.0
[    0.819555] SCSI subsystem initialized
[    0.820949] ACPI: bus type USB registered
[    0.822284] usbcore: registered new interface driver usbfs
[    0.823922] usbcore: registered new interface driver hub
[    0.825491] usbcore: registered new device driver usb
[    0.828130] PCI: Using ACPI for IRQ routing
[    0.829937] NetLabel: Initializing
[    0.831160] NetLabel:  domain hash size = 128
[    0.832524] NetLabel:  protocols = UNLABELED CIPSOv4
[    0.834083] NetLabel:  unlabeled traffic allowed by default
[    0.835905] amd_nb: Cannot enumerate AMD northbridges
[    0.837557] clocksource: Switched to clocksource kvm-clock
[    0.847927] AppArmor: AppArmor Filesystem Enabled
[    0.849504] pnp: PnP ACPI init
[    0.851710] pnp: PnP ACPI: found 3 devices
[    0.862038] clocksource: acpi_pm: mask: 0xffffff max_cycles: 0xffffff, max_idle_ns: 2085701024 ns
[    0.864744] NET: Registered protocol family 2
[    0.866374] TCP established hash table entries: 8192 (order: 4, 65536 bytes)
[    0.868313] TCP bind hash table entries: 8192 (order: 5, 131072 bytes)
[    0.870183] TCP: Hash tables configured (established 8192 bind 8192)
[    0.871985] UDP hash table entries: 512 (order: 2, 16384 bytes)
[    0.873670] UDP-Lite hash table entries: 512 (order: 2, 16384 bytes)
[    0.875517] NET: Registered protocol family 1
[    0.876885] pci 0000:00:00.0: Limiting direct PCI/PCI transfers
[    0.878664] pci 0000:00:01.0: Activating ISA DMA hang workarounds
[    0.880559] Unpacking initramfs...
[    1.144239] Freeing initrd memory: 14888K
[    1.146041] clocksource: tsc: mask: 0xffffffffffffffff max_cycles: 0x27178451938, max_idle_ns: 440795251172 ns
[    1.149687] platform rtc_cmos: registered platform RTC device (no PNP device found)
[    1.152759] Scanning for low memory corruption every 60 seconds
[    1.155353] audit: initializing netlink subsys (disabled)
[    1.157341] audit: type=2000 audit(1674402861.654:1): initialized
[    1.159866] Initialise system trusted keyring
[    1.161765] HugeTLB registered 2 MB page size, pre-allocated 0 pages
[    1.165723] zbud: loaded
[    1.167452] VFS: Disk quotas dquot_6.6.0
[    1.169057] VFS: Dquot-cache hash table entries: 512 (order 0, 4096 bytes)
[    1.171791] squashfs: version 4.0 (2009/01/31) Phillip Lougher
[    1.174255] fuse init (API version 7.23)
[    1.175993] Key type big_key registered
[    1.177543] Allocating IMA MOK and blacklist keyrings.
[    1.180335] Key type asymmetric registered
[    1.181944] Asymmetric key parser 'x509' registered
[    1.183885] Block layer SCSI generic (bsg) driver version 0.4 loaded (major 249)
[    1.186916] io scheduler noop registered
[    1.188495] io scheduler deadline registered (default)
[    1.190484] io scheduler cfq registered
[    1.192136] pci_hotplug: PCI Hot Plug PCI Core version: 0.5
[    1.194148] pciehp: PCI Express Hot Plug Controller Driver version: 0.4
[    1.196651] ACPI: AC Adapter [AC] (on-line)
[    1.198367] input: Power Button as /devices/LNXSYSTM:00/LNXPWRBN:00/input/input0
[    1.201268] ACPI: Power Button [PWRF]
[    1.202891] input: Sleep Button as /devices/LNXSYSTM:00/LNXSLPBN:00/input/input1
[    1.205781] ACPI: Sleep Button [SLPF]
[    1.208423] ACPI: Battery Slot [BAT0] (battery present)
[    1.210426] GHES: HEST is not enabled!
[    1.212041] Serial: 8250/16550 driver, 32 ports, IRQ sharing enabled
[    1.235163] 00:02: ttyS0 at I/O 0x3f8 (irq = 4, base_baud = 115200) is a 16550A
[    1.239476] Linux agpgart interface v0.103
[    1.242908] loop: module loaded
[    1.244790] scsi host0: ata_piix
[    1.246079] scsi host1: ata_piix
[    1.247254] ata1: PATA max UDMA/33 cmd 0x1f0 ctl 0x3f6 bmdma 0xd000 irq 14
[    1.249151] ata2: PATA max UDMA/33 cmd 0x170 ctl 0x376 bmdma 0xd008 irq 15
[    1.251227] libphy: Fixed MDIO Bus: probed
[    1.252856] tun: Universal TUN/TAP device driver, 1.6
[    1.254745] tun: (C) 1999-2004 Max Krasnyansky <maxk@qualcomm.com>
[    1.258238] PPP generic driver version 2.4.2
[    1.260476] ehci_hcd: USB 2.0 'Enhanced' Host Controller (EHCI) Driver
[    1.262813] ehci-pci: EHCI PCI platform driver
[    1.264525] ehci-platform: EHCI generic platform driver
[    1.266468] ohci_hcd: USB 1.1 'Open' Host Controller (OHCI) Driver
[    1.268647] ohci-pci: OHCI PCI platform driver
[    1.270363] ohci-platform: OHCI generic platform driver
[    1.272279] uhci_hcd: USB Universal Host Controller Interface driver
[    1.274586] i8042: PNP: PS/2 Controller [PNP0303:PS2K,PNP0f03:PS2M] at 0x60,0x64 irq 1,12
[    1.278386] serio: i8042 KBD port at 0x60,0x64 irq 1
[    1.280237] serio: i8042 AUX port at 0x60,0x64 irq 12
[    1.282221] mousedev: PS/2 mouse device common for all mice
[    1.284806] rtc_cmos rtc_cmos: rtc core: registered rtc_cmos as rtc0
[    1.287240] rtc_cmos rtc_cmos: alarms up to one day, 114 bytes nvram
[    1.289635] input: AT Translated Set 2 keyboard as /devices/platform/i8042/serio0/input/input2
[    1.293061] i2c /dev entries driver
[    1.294688] device-mapper: uevent: version 1.0.3
[    1.296897] device-mapper: ioctl: 4.34.0-ioctl (2015-10-28) initialised: dm-devel@redhat.com
[    1.299655] ledtrig-cpu: registered to indicate activity on CPUs
[    1.302064] NET: Registered protocol family 10
[    1.303819] NET: Registered protocol family 17
[    1.306378] Key type dns_resolver registered
[    1.308705] registered taskstats version 1
[    1.310350] Loading compiled-in X.509 certificates
[    1.312810] Loaded X.509 cert 'Build time autogenerated kernel key: cf00e047681d67edb2720680708b7d9498083038'
[    1.316536] zswap: loaded using pool lzo/zbud
[    1.320762] Key type trusted registered
[    1.326432] Key type encrypted registered
[    1.328047] AppArmor: AppArmor sha1 policy hashing enabled
[    1.330529] ima: No TPM chip found, activating TPM-bypass!
[    1.332702] ima: Allocated hash algorithm: sha1
[    1.334261] evm: HMAC attrs: 0x1
[    1.338765]   Magic number: 7:105:943
[    1.340610] tty tty0: hash matches
[    1.342351] tty console: hash matches
[    1.344269] rtc_cmos rtc_cmos: setting system clock to 2023-01-22 15:54:16 UTC (1674402856)
[    1.348376] BIOS EDD facility v0.16 2004-Jun-25, 0 devices found
[    1.350955] EDD information not available.
[    1.595507] Freeing unused kernel memory: 1492K
[    1.598670] Write protecting the kernel read-only data: 14336k
[    1.602924] Freeing unused kernel memory: 1584K
[    1.605565] Freeing unused kernel memory: 52K
Loading, please wait...
starting version 229
[    1.625956] random: systemd-udevd: uninitialized urandom read (16 bytes read, 3 bits of entropy available)
[    1.626561] random: udevadm: uninitialized urandom read (16 bytes read, 3 bits of entropy available)
[    1.626596] random: udevadm: uninitialized urandom read (16 bytes read, 3 bits of entropy available)
[    1.636399] random: systemd-udevd: uninitialized urandom read (16 bytes read, 3 bits of entropy available)
[    1.638465] random: udevadm: uninitialized urandom read (16 bytes read, 3 bits of entropy available)
[    1.638542] random: udevadm: uninitialized urandom read (16 bytes read, 3 bits of entropy available)
[    1.638759] random: udevadm: uninitialized urandom read (16 bytes read, 3 bits of entropy available)
[    1.638843] random: udevadm: uninitialized urandom read (16 bytes read, 3 bits of entropy available)
[    1.638924] random: udevadm: uninitialized urandom read (16 bytes read, 3 bits of entropy available)
[    1.639005] random: udevadm: uninitialized urandom read (16 bytes read, 3 bits of entropy available)
[    1.718001] e1000: Intel(R) PRO/1000 Network Driver - version 7.3.21-k8-NAPI
[    1.720354] e1000: Copyright (c) 1999-2006 Intel Corporation.
[    1.725217] Fusion MPT base driver 3.04.20
[    1.728525] Copyright (c) 1999-2008 LSI Corporation
[    1.752143] AVX2 version of gcm_enc/dec engaged.
[    1.753999] AES CTR mode by8 optimization enabled
[    1.756065] Fusion MPT SPI Host driver 3.04.20
[    1.943577] input: ImExPS/2 Generic Explorer Mouse as /devices/platform/i8042/serio1/input/input4
[    2.157736] e1000 0000:00:03.0 eth0: (PCI:33MHz:32-bit) 02:be:82:6b:cc:1d
[    2.161142] e1000 0000:00:03.0 eth0: Intel(R) PRO/1000 Network Connection
[    2.165190] mptbase: ioc0: Initiating bringup
[    2.785836] ioc0: LSI53C1030 A0: Capabilities={Initiator}
[    4.617187] scsi host2: ioc0: LSI53C1030 A0, FwRev=00000000h, Ports=1, MaxQ=256, IRQ=20
[    5.738344] scsi 2:0:0:0: Direct-Access     VBOX     HARDDISK         1.0  PQ: 0 ANSI: 5
[    5.741292] scsi target2:0:0: Beginning Domain Validation
[    5.745564] scsi target2:0:0: Domain Validation skipping write tests
[    5.747748] scsi target2:0:0: Ending Domain Validation
[    5.749601] scsi target2:0:0: asynchronous
[    5.751723] scsi 2:0:1:0: Direct-Access     VBOX     HARDDISK         1.0  PQ: 0 ANSI: 5
[    5.754606] scsi target2:0:1: Beginning Domain Validation
[    5.757584] scsi target2:0:1: Domain Validation skipping write tests
[    5.778769] scsi target2:0:1: Ending Domain Validation
[    5.780421] scsi target2:0:1: asynchronous
[    5.787513] sd 2:0:0:0: Attached scsi generic sg0 type 0
[    5.789189] sd 2:0:0:0: [sda] 83886080 512-byte logical blocks: (42.9 GB/40.0 GiB)
[    5.792579] sd 2:0:1:0: [sdb] 20480 512-byte logical blocks: (10.5 MB/10.0 MiB)
[    5.795313] sd 2:0:1:0: [sdb] Write Protect is off
[    5.796972] sd 2:0:1:0: [sdb] Incomplete mode parameter data
[    5.798789] sd 2:0:1:0: [sdb] Assuming drive cache: write through
[    5.800641] sd 2:0:1:0: Attached scsi generic sg1 type 0
[    5.802970] sd 2:0:0:0: [sda] Write Protect is off
[    5.805029] sd 2:0:0:0: [sda] Incomplete mode parameter data
[    5.807126] sd 2:0:0:0: [sda] Assuming drive cache: write through
[    5.825166]  sda: sda1
[    5.827692] sd 2:0:0:0: [sda] Attached SCSI disk
[    5.829329] sd 2:0:1:0: [sdb] Attached SCSI disk
[    6.172652] e1000 0000:00:08.0 eth1: (PCI:33MHz:32-bit) 08:00:27:0f:e8:a4
[    6.174719] e1000 0000:00:08.0 eth1: Intel(R) PRO/1000 Network Connection
[    6.177917] e1000 0000:00:03.0 enp0s3: renamed from eth0
[    6.189938] e1000 0000:00:08.0 enp0s8: renamed from eth1
Begin: Loading essential drivers ... [    7.840211] md: linear personality registered for level -1
[    7.844623] md: multipath personality registered for level -4
[    7.848917] md: raid0 personality registered for level 0
[    7.854704] md: raid1 personality registered for level 1
[    7.925618] raid6: sse2x1   gen()  8654 MB/s
[    7.993567] raid6: sse2x1   xor()  6351 MB/s
[    8.061652] raid6: sse2x2   gen() 10679 MB/s
[    8.129655] raid6: sse2x2   xor()  7385 MB/s
[    8.197615] raid6: sse2x4   gen() 10253 MB/s
[    8.267482] raid6: sse2x4   xor()  6804 MB/s
[    8.333618] raid6: avx2x1   gen() 15204 MB/s
[    8.401611] raid6: avx2x2   gen() 19449 MB/s
[    8.469610] raid6: avx2x4   gen() 21540 MB/s
[    8.471282] raid6: using algorithm avx2x4 gen() 21540 MB/s
[    8.473257] raid6: using avx2x2 recovery algorithm
[    8.476972] xor: automatically using best checksumming function:
[    8.557288]    avx       : 63806.000 MB/sec
[    8.560244] async_tx: api initialized (async)
[    8.574095] md: raid6 personality registered for level 6
[    8.576272] md: raid5 personality registered for level 5
[    8.577969] md: raid4 personality registered for level 4
[    8.587251] md: raid10 personality registered for level 10
done.
Begin: Running /scripts/init-premount ... done.
Begin: Mounting root file system ... Begin: Running /scripts/local-top ... done.
Begin: Running /scripts/local-premount ... [    8.631504] Btrfs loaded
Scanning for Btrfs filesystems
done.
Warning: fsck not present, so skipping root file system
[    8.693255] EXT4-fs (sda1): mounted filesystem with ordered data mode. Opts: (null)
done.
Begin: Running /scripts/local-bottom ... done.
Begin: Running /scripts/init-bottom ... done.
[    8.831633] systemd[1]: systemd 229 running in system mode. (+PAM +AUDIT +SELINUX +IMA +APPARMOR +SMACK +SYSVINIT +UTMP +LIBCRYPTSETUP +GCRYPT +GNUTLS +ACL +XZ -LZ4 +SECCOMP +BLKID +ELFUTILS +KMOD -IDN)
[    8.836808] systemd[1]: Detected virtualization oracle.
[    8.838480] systemd[1]: Detected architecture x86-64.

Welcome to [1mUbuntu 16.04.7 LTS[0m!

[    8.850998] systemd[1]: Set hostname to <ubuntu>.
[    8.859695] systemd[1]: Initializing machine ID from random generator.
[    8.865138] systemd[1]: Installed transient /etc/machine-id file.
[    9.070126] systemd[1]: Reached target User and Group Name Lookups.
[[0;32m  OK  [0m] Reached target User and Group Name Lookups.
[    9.077981] systemd[1]: Listening on udev Kernel Socket.
[[0;32m  OK  [0m] Listening on udev Kernel Socket.
[    9.080710] systemd[1]: Reached target Swap.
[[0;32m  OK  [0m] Reached target Swap.
[    9.083431] systemd[1]: Created slice User and Session Slice.
[[0;32m  OK  [0m] Created slice User and Session Slice.
[    9.094114] systemd[1]: Reached target System Time Synchronized.
[[0;32m  OK  [0m] Reached target System Time Synchronized.
[    9.102622] systemd[1]: Listening on udev Control Socket.
[[0;32m  OK  [0m] Listening on udev Control Socket.
[    9.109049] systemd[1]: Started Trigger resolvconf update for networkd DNS.
[[0;32m  OK  [0m] Started Trigger resolvconf update for networkd DNS.
[    9.114451] systemd[1]: Listening on fsck to fsckd communication Socket.
[[0;32m  OK  [0m] Listening on fsck to fsckd communication Socket.
[    9.118624] systemd[1]: Reached target Encrypted Volumes.
[[0;32m  OK  [0m] Reached target Encrypted Volumes.
[    9.121766] systemd[1]: Started Forward Password Requests to Wall Directory Watch.
[[0;32m  OK  [0m] Started Forward Password Requests to Wall Directory Watch.
[    9.125984] systemd[1]: Created slice System Slice.
[[0;32m  OK  [0m] Created slice System Slice.
[    9.128715] systemd[1]: Created slice system-serial\x2dgetty.slice.
[[0;32m  OK  [0m] Created slice system-serial\x2dgetty.slice.
[    9.131819] systemd[1]: Reached target Slices.
[[0;32m  OK  [0m] Reached target Slices.
[    9.134278] systemd[1]: Listening on LVM2 poll daemon socket.
[[0;32m  OK  [0m] Listening on LVM2 poll daemon socket.
[    9.136878] systemd[1]: Listening on Journal Socket.
[[0;32m  OK  [0m] Listening on Journal Socket.
[    9.158335] systemd[1]: Starting File System Check on Root Device...
         Starting File System Check on Root Device...
[    9.164367] systemd[1]: Starting Uncomplicated firewall...
         Starting Uncomplicated firewall...
[    9.171898] systemd[1]: Starting Load Kernel Modules...
         Starting Load Kernel Modules...
[    9.177501] systemd[1]: Starting Create list of required static device nodes for the current kernel...
         Starting Create list of required st... nodes for the current kernel...
[    9.185885] systemd[1]: Mounting POSIX Message Queue File System...
         Mounting POSIX Message Queue File System...
[    9.189408] systemd[1]: Listening on Device-mapper event daemon FIFOs.
[    9.192622] Loading iSCSI transport class v2.0-870.
[[0;32m  OK  [0m] Listening on Device-mapper event daemon FIFOs.
[    9.196369] systemd[1]: Listening on LVM2 metadata daemon socket.
[[0;32m  OK  [0m] Listening on LVM2 metadata daemon socket.
[    9.206721] iscsi: registered transport (tcp)
[    9.217860] systemd[1]: Starting Monitoring of LVM2 mirrors, snapshots etc. using dmeventd or progress polling...
         Starting Monitoring of LVM2 mirrors... dmeventd or progress polling...
[    9.222676] systemd[1]: Set up automount Arbitrary Executable File Formats File System Automount Point.
[[0;32m  OK  [0m] Set up automount Arbitrary Executab...ats File System Automount Point.
[    9.230397] systemd[1]: Mounting Debug File System...
         Mounting Debug File System...
[    9.243085] systemd[1]: Starting Nameserver information manager...
         Starting Nameserver information manager...
[    9.247192] systemd[1]: Listening on Journal Socket (/dev/log).
[[0;32m  OK  [0m] Listening on Journal Socket (/dev/log).
[    9.257551] iscsi: registered transport (iser)
[    9.265786] systemd[1]: Mounting Huge Pages File System...
         Mounting Huge Pages File System...
[    9.269252] systemd[1]: Listening on Journal Audit Socket.
[[0;32m  OK  [0m] Listening on Journal Audit Socket.
[    9.277103] systemd[1]: Starting Set console keymap...
         Starting Set console keymap...
[    9.280875] systemd[1]: Listening on /dev/initctl Compatibility Named Pipe.
[[0;32m  OK  [0m] Listening on /dev/initctl Compatibility Named Pipe.
[    9.285569] systemd[1]: Listening on Syslog Socket.
[[0;32m  OK  [0m] Listening on Syslog Socket.
[    9.290950] systemd[1]: Starting Journal Service...
         Starting Journal Service...
[    9.297453] systemd[1]: Mounted Huge Pages File System.
[[0;32m  OK  [0m] Mounted Huge Pages File System.
[    9.311074] systemd[1]: Mounted POSIX Message Queue File System.
[[0;32m  OK  [0m] Mounted POSIX Message Queue File System.
[    9.315851] systemd[1]: Mounted Debug File System.
[[0;32m  OK  [0m] Mounted Debug File System.
[    9.322751] systemd[1]: Started File System Check on Root Device.
[[0;32m  OK  [0m] Started File System Check on Root Device.
[    9.334631] systemd[1]: Started Uncomplicated firewall.
[[0;32m  OK  [0m] Started Uncomplicated firewall.
[    9.339347] systemd[1]: Started Load Kernel Modules.
[[0;32m  OK  [0m] Started Load Kernel Modules.
[    9.343890] systemd[1]: Started Create list of required static device nodes for the current kernel.
[[0;32m  OK  [0m] Started Create list of required sta...ce nodes for the current kernel.
[    9.364511] systemd[1]: Started Journal Service.
[[0;32m  OK  [0m] Started Journal Service.
[[0;32m  OK  [0m] Started File System Check Daemon to report status.
[[0;32m  OK  [0m] Started LVM2 metadata daemon.
         Starting Create Static Device Nodes in /dev...
         Mounting FUSE Control File System...
         Starting Apply Kernel Variables...
         Starting Remount Root and Kernel File Systems...
[[0;32m  OK  [0m] Mounted FUSE Control File System.
[[0;32m  OK  [0m] Started Nameserver information manager.
[[0;32m  OK  [0m] Started Apply Kernel Variables.
[[0;32m  OK  [0m] Started Remount Root and Kernel File Systems.
         Starting Load/Save Random Seed...
         Starting Flush Journal to Persistent Storage...
         Starting udev Coldplug all Devices...
[[0;32m  OK  [0m] Started Set console keymap.
[[0;32m  OK  [0m] Started Create Static Device Nodes in /dev.
[[0;32m  OK  [0m] Started Load/Save Random Seed.
         Starting udev Kernel Device Manager...
[[0;32m  OK  [0m] Started Flush Journal to Persistent Storage.
[[0;32m  OK  [0m] Started udev Kernel Device Manager.
[[0;32m  OK  [0m] Started udev Coldplug all Devices.
[[0;32m  OK  [0m] Started Dispatch Password Requests to Console Directory Watch.
[[0;32m  OK  [0m] Found device /dev/ttyS0.
[[0;32m  OK  [0m] Listening on Load/Save RF Kill Switch Status /dev/rfkill Watch.
[[0;32m  OK  [0m] Started Monitoring of LVM2 mirrors,...ng dmeventd or progress polling.
[[0;32m  OK  [0m] Reached target Local File Systems (Pre).
[[0;32m  OK  [0m] Reached target Local File Systems.
         Starting Initial cloud-init job (pre-networking)...
         Starting Set console font and keymap...
         Starting LSB: AppArmor initialization...
         Starting Commit a transient machine-id on disk...
         Starting Create Volatile Files and Directories...
         Starting Tell Plymouth To Write Out Runtime Data...
[[0;32m  OK  [0m] Started Create Volatile Files and Directories.
[[0;32m  OK  [0m] Started Commit a transient machine-id on disk.
[[0;32m  OK  [0m] Started Tell Plymouth To Write Out Runtime Data.
         Starting Update UTMP about System Boot/Shutdown...
[[0;32m  OK  [0m] Started Update UTMP about System Boot/Shutdown.
[   11.393036] cloud-init[566]: Cloud-init v. 21.1-19-gbad84ad4-0ubuntu1~16.04.2 running 'init-local' at Sun, 22 Jan 2023 15:54:26 +0000. Up 10.65 seconds.
[[0;32m  OK  [0m] Started Initial cloud-init job (pre-networking).
[[0;32m  OK  [0m] Reached target Network (Pre).
[[0;32m  OK  [0m] Started Set console font and keymap.
[[0;32m  OK  [0m] Created slice system-getty.slice.
[[0;32m  OK  [0m] Started LSB: AppArmor initialization.
         Starting Raise network interfaces...
         Starting Load AppArmor profiles managed internally by snapd...
[[0;32m  OK  [0m] Started Load AppArmor profiles managed internally by snapd.
[[0;32m  OK  [0m] Started Raise network interfaces.
         Starting Initial cloud-init job (metadata service crawler)...
[[0;32m  OK  [0m] Reached target Network.
[   14.483322] cloud-init[962]: Cloud-init v. 21.1-19-gbad84ad4-0ubuntu1~16.04.2 running 'init' at Sun, 22 Jan 2023 15:54:29 +0000. Up 13.55 seconds.
[   14.485844] cloud-init[962]: ci-info: ++++++++++++++++++++++++++++++++++++++Net device info+++++++++++++++++++++++++++++++++++++++
[   14.488443] cloud-init[962]: ci-info: +--------+-------+----------------------------+---------------+--------+-------------------+
[   14.491025] cloud-init[962]: ci-info: | Device |   Up  |          Address           |      Mask     | Scope  |     Hw-Address    |
[   14.493628] cloud-init[962]: ci-info: +--------+-------+----------------------------+---------------+--------+-------------------+
[   14.496224] cloud-init[962]: ci-info: | enp0s3 |  True |         10.0.2.15          | 255.255.255.0 | global | 02:be:82:6b:cc:1d |
[   14.498797] cloud-init[962]: ci-info: | enp0s3 |  True | fe80::be:82ff:fe6b:cc1d/64 |       .       |  link  | 02:be:82:6b:cc:1d |
[   14.501371] cloud-init[962]: ci-info: | enp0s8 | False |             .              |       .       |   .    | 08:00:27:0f:e8:a4 |
[   14.503949] cloud-init[962]: ci-info: |   lo   |  True |         127.0.0.1          |   255.0.0.0   |  host  |         .         |
[   14.506592] cloud-init[962]: ci-info: |   lo   |  True |          ::1/128           |       .       |  host  |         .         |
[   14.509183] cloud-init[962]: ci-info: +--------+-------+----------------------------+---------------+--------+-------------------+
[   14.511747] cloud-init[962]: ci-info: +++++++++++++++++++++++++++Route IPv4 info++++++++++++++++++++++++++++
[   14.514000] cloud-init[962]: ci-info: +-------+-------------+----------+---------------+-----------+-------+
[   14.516315] cloud-init[962]: ci-info: | Route | Destination | Gateway  |    Genmask    | Interface | Flags |
[   14.520553] cloud-init[962]: ci-info: +-------+-------------+----------+---------------+-----------+-------+
[   14.522808] cloud-init[962]: ci-info: |   0   |   0.0.0.0   | 10.0.2.2 |    0.0.0.0    |   enp0s3  |   UG  |
[   14.525013] cloud-init[962]: ci-info: |   1   |   10.0.2.0  | 0.0.0.0  | 255.255.255.0 |   enp0s3  |   U   |
[   14.527199] cloud-init[962]: ci-info: +-------+-------------+----------+---------------+-----------+-------+
[   14.529404] cloud-init[962]: ci-info: +++++++++++++++++++Route IPv6 info+++++++++++++++++++
[   14.531439] cloud-init[962]: ci-info: +-------+-------------+---------+-----------+-------+
[   14.533461] cloud-init[962]: ci-info: | Route | Destination | Gateway | Interface | Flags |
[   14.535088] cloud-init[962]: ci-info: +-------+-------------+---------+-----------+-------+
[   14.537028] cloud-init[962]: ci-info: |   0   |  fe80::/64  |    ::   |   enp0s3  |   U   |
[   14.539004] cloud-init[962]: ci-info: |   3   |   ff00::/8  |    ::   |   enp0s3  |   U   |
[   14.541128] cloud-init[962]: ci-info: +-------+-------------+---------+-----------+-------+
[   14.543103] cloud-init[962]: Generating public/private rsa key pair.
[   14.544857] cloud-init[962]: Your identification has been saved in /etc/ssh/ssh_host_rsa_key.
[   14.546530] cloud-init[962]: Your public key has been saved in /etc/ssh/ssh_host_rsa_key.pub.
[   14.548574] cloud-init[962]: The key fingerprint is:
[   14.550035] cloud-init[962]: SHA256:uNH3rPDmImMpIc3K3+pLMzIXrArbVgxvHjst+taokww root@ubuntu-xenial
[   14.552061] cloud-init[962]: The key's randomart image is:
[   14.553650] cloud-init[962]: +---[RSA 2048]----+
[   14.555072] cloud-init[962]: |                 |
[   14.556547] cloud-init[962]: |                 |
[   14.557971] cloud-init[962]: |                 |
[   14.559403] cloud-init[962]: |  ..   o         |
[   14.560864] cloud-init[962]: |   *o o S .      |
[   14.562259] cloud-init[962]: |E ..X. o . o     |
[   14.563649] cloud-init[962]: |.++B=B...   o    |
[   14.565039] cloud-init[962]: |.+B=O+B .o..     |
[   14.566391] cloud-init[962]: |o.+O*B.o ++      |
[   14.567763] cloud-init[962]: +----[SHA256]-----+
[   14.569218] cloud-init[962]: Generating public/private dsa key pair.
[   14.570974] cloud-init[962]: Your identification has been saved in /etc/ssh/ssh_host_dsa_key.
[   14.572859] cloud-init[962]: Your public key has been saved in /etc/ssh/ssh_host_dsa_key.pub.
[   14.574763] cloud-init[962]: The key fingerprint is:
[   14.576315] cloud-init[962]: SHA256:CLOB7I9cQUl27uSM3wBchEAGPRf2lq0Z4pGTIOZjV3U root@ubuntu-xenial
[   14.578277] cloud-init[962]: The key's randomart image is:
[   14.579823] cloud-init[962]: +---[DSA 1024]----+
[   14.581330] cloud-init[962]: |o==o**=. E       |
[   14.582771] cloud-init[962]: |o+oB=B o.        |
[   14.584312] cloud-init[962]: | +o+& B .        |
[   14.585786] cloud-init[962]: |..o. ^ =         |
[   14.587217] cloud-init[962]: |  . = O S        |
[   14.588693] cloud-init[962]: | . + . o         |
[   14.590140] cloud-init[962]: |  o . . .        |
[   14.591587] cloud-init[962]: |                 |
[   14.593041] cloud-init[962]: |                 |
[   14.594484] cloud-init[962]: +----[SHA256]-----+
[   14.595923] cloud-init[962]: Generating public/private ecdsa key pair.
[   14.597722] cloud-init[962]: Your identification has been saved in /etc/ssh/ssh_host_ecdsa_key.
[   14.599629] cloud-init[962]: Your public key has been saved in /etc/ssh/ssh_host_ecdsa_key.pub.
[   14.601727] cloud-init[962]: The key fingerprint is:
[   14.603209] cloud-init[962]: SHA256:cJQKQajmV9Y9bQTwaIdVrSrCgbf8AearGjYQkB51UdM root@ubuntu-xenial
[   14.604954] cloud-init[962]: The key's randomart image is:
[   14.606519] cloud-init[962]: +---[ECDSA 256]---+
[   14.607947] cloud-init[962]: |...+o+o+++o..    |
[   14.609433] cloud-init[962]: |o.. o  .BE . .   |
[   14.610851] cloud-init[962]: |o.. ..o=ooo .    |
[   14.612544] cloud-init[962]: |.+ . Bo+.o +     |
[   14.614005] cloud-init[962]: |+   O + S +      |
[   14.615428] cloud-init[962]: |.. . * o .       |
[   14.616898] cloud-init[962]: | +.   + o        |
[   14.618472] cloud-init[962]: |. o  . .         |
[   14.620451] cloud-init[962]: | ....            |
[   14.622278] cloud-init[962]: +----[SHA256]-----+
[   14.623741] cloud-init[962]: Generating public/private ed25519 key pair.
[   14.625510] cloud-init[962]: Your identification has been saved in /etc/ssh/ssh_host_ed25519_key.
[   14.627618] cloud-init[962]: Your public key has been saved in /etc/ssh/ssh_host_ed25519_key.pub.
[   14.629752] cloud-init[962]: The key fingerprint is:
[   14.631226] cloud-init[962]: SHA256:WnnRfb799APoul+i9Gh3BipW1xWBiO2qcl0tn5AvY0Q root@ubuntu-xenial
[   14.633109] cloud-init[962]: The key's randomart image is:
[   14.634694] cloud-init[962]: +--[ED25519 256]--+
[   14.636187] cloud-init[962]: |          o . ...|
[   14.637645] cloud-init[962]: |         . + o . |
[   14.639108] cloud-init[962]: |          o . . o|
[   14.640604] cloud-init[962]: |         . E   + |
[   14.642056] cloud-init[962]: |        S + = . .|
[   14.643490] cloud-init[962]: |       o + X +  o|
[   14.644990] cloud-init[962]: |      . +.*.*.o.o|
[   14.646341] cloud-init[962]: |     . =.++*o* oo|
[   14.647491] cloud-init[962]: |      + o=*o=   +|
[   14.648648] cloud-init[962]: +----[SHA256]-----+
[[0;32m  OK  [0m] Started Initial cloud-init job (metadata service crawler).
[[0;32m  OK  [0m] Reached target Cloud-config availability.
[[0;32m  OK  [0m] Reached target System Initialization.
         Starting Socket activation for snappy daemon.
         Starting LXD - unix socket.
[[0;32m  OK  [0m] Started Daily Cleanup of Temporary Directories.
[[0;32m  OK  [0m] Listening on D-Bus System Message Bus Socket.
[[0;32m  OK  [0m] Started ACPI Events Check.
[[0;32m  OK  [0m] Reached target Paths.
[[0;32m  OK  [0m] Listening on ACPID Listen Socket.
[[0;32m  OK  [0m] Started Daily apt download activities.
[[0;32m  OK  [0m] Started Daily apt upgrade and clean activities.
[[0;32m  OK  [0m] Started Message of the Day.
[[0;32m  OK  [0m] Listening on UUID daemon activation socket.
[[0;32m  OK  [0m] Started Ubuntu Advantage update messaging.
[[0;32m  OK  [0m] Reached target Timers.
[[0;32m  OK  [0m] Reached target Network is Online.
         Starting iSCSI initiator daemon (iscsid)...
[[0;32m  OK  [0m] Listening on Socket activation for snappy daemon.
[[0;32m  OK  [0m] Listening on LXD - unix socket.
[[0;32m  OK  [0m] Reached target Sockets.
[[0;32m  OK  [0m] Reached target Basic System.
         Starting LSB: Record successful boot for GRUB...
[[0;32m  OK  [0m] Started FUSE filesystem for LXC.
         Starting /etc/rc.local Compatibility...
         Starting Virtualbox guest utils...
         Starting System Logging Service...
[[0;32m  OK  [0m] Started D-Bus System Message Bus.
         Starting LSB: MD monitoring daemon...
[[0;32m  OK  [0m] Started ACPI event daemon.
         Starting Login Service...
[[0;32m  OK  [0m] Started Regular background program processing daemon.
         Starting Accounts Service...
[[0;32m  OK  [0m] Started Deferred execution scheduler.
         Starting LXD - container startup/shutdown...
         Starting Pollinate to seed the pseudo random number generator...
         Starting Snap Daemon...
[[0;32m  OK  [0m] Started System Logging Service.
[[0;32m  OK  [0m] Started /etc/rc.local Compatibility.
[[0;32m  OK  [0m] Started iSCSI initiator daemon (iscsid).
         Starting Login to default iSCSI targets...
[[0;32m  OK  [0m] Started Login Service.
[[0;32m  OK  [0m] Started Unattended Upgrades Shutdown.
[[0;32m  OK  [0m] Started LSB: Record successful boot for GRUB.
[[0;32m  OK  [0m] Started Login to default iSCSI targets.
[[0;32m  OK  [0m] Reached target Remote File Systems (Pre).
[[0;32m  OK  [0m] Reached target Remote File Systems.
         Starting LSB: daemon to balance interrupts for SMP systems...
         Starting Permit User Sessions...
         Starting LSB: Set the CPU Frequency Scaling governor to "ondemand"...
         Starting LSB: automatic crash report generation...
[[0;32m  OK  [0m] Started Permit User Sessions.
         Starting Hold until boot process finishes up...
         Starting Terminate Plymouth Boot Screen...
[[0;32m  OK  [0m] Started LSB: MD monitoring daemon.
[[0;32m  OK  [0m] Started Hold until boot process finishes up.
         Starting Set console scheme...
[[0;32m  OK  [0m] Started Getty on tty1.
[[0;32m  OK  [0m] Started Serial Getty on ttyS0.
[[0;32m  OK  [0m] Reached target Login Prompts.
[[0;32m  OK  [0m] Started Set console scheme.
[[0;32m  OK  [0m] Started Terminate Plymouth Boot Screen.
         Starting Authenticate and Authorize Users to Run Privileged Tasks...
[[0;32m  OK  [0m] Started LSB: Set the CPU Frequency Scaling governor to "ondemand".
[[0;32m  OK  [0m] Started LSB: automatic crash report generation.
[[0;32m  OK  [0m] Started LSB: daemon to balance interrupts for SMP systems.
[[0;32m  OK  [0m] Started Authenticate and Authorize Users to Run Privileged Tasks.
[[0;32m  OK  [0m] Started Accounts Service.
[[0;32m  OK  [0m] Started Virtualbox guest utils.
[[0;32m  OK  [0m] Started LXD - container startup/shutdown.
[[0;32m  OK  [0m] Started Snap Daemon.
         Starting Wait until snapd is fully seeded...
[[0;32m  OK  [0m] Started Pollinate to seed the pseudo random number generator.
         Starting OpenBSD Secure Shell server...
[[0;32m  OK  [0m] Started OpenBSD Secure Shell server.
[[0;32m  OK  [0m] Started Wait until snapd is fully seeded.
         Starting Apply the settings specified in cloud-config...
[[0;32m  OK  [0m] Reached target Multi-User System.
[[0;32m  OK  [0m] Reached target Graphical Interface.
         Starting Update UTMP about System Runlevel Changes...
[[0;32m  OK  [0m] Started Update UTMP about System Runlevel Changes.
[   18.125216] cloud-init[1315]: Generating locales (this might take a while)...
[   19.377628] cloud-init[1315]:   en_US.UTF-8... done
[   19.380413] cloud-init[1315]: Generation complete.
[[0;32m  OK  [0m] Created slice User Slice of vagrant.
         Starting User Manager for UID 1000...
[[0;32m  OK  [0m] Started Session 1 of user vagrant.
[[0;32m  OK  [0m] Started User Manager for UID 1000.
[   19.902526] cloud-init[1315]: Cloud-init v. 21.1-19-gbad84ad4-0ubuntu1~16.04.2 running 'modules:config' at Sun, 22 Jan 2023 15:54:33 +0000. Up 17.91 seconds.
ci-info: no authorized SSH keys fingerprints found for user ubuntu.
<14>Jan 22 15:54:36 ec2: 
<14>Jan 22 15:54:36 ec2: #############################################################
<14>Jan 22 15:54:36 ec2: -----BEGIN SSH HOST KEY FINGERPRINTS-----
<14>Jan 22 15:54:36 ec2: 1024 SHA256:CLOB7I9cQUl27uSM3wBchEAGPRf2lq0Z4pGTIOZjV3U root@ubuntu-xenial (DSA)
<14>Jan 22 15:54:36 ec2: 256 SHA256:cJQKQajmV9Y9bQTwaIdVrSrCgbf8AearGjYQkB51UdM root@ubuntu-xenial (ECDSA)
<14>Jan 22 15:54:36 ec2: 256 SHA256:WnnRfb799APoul+i9Gh3BipW1xWBiO2qcl0tn5AvY0Q root@ubuntu-xenial (ED25519)
<14>Jan 22 15:54:36 ec2: 2048 SHA256:uNH3rPDmImMpIc3K3+pLMzIXrArbVgxvHjst+taokww root@ubuntu-xenial (RSA)
<14>Jan 22 15:54:36 ec2: -----END SSH HOST KEY FINGERPRINTS-----
<14>Jan 22 15:54:36 ec2: #############################################################
-----BEGIN SSH HOST KEY KEYS-----
ecdsa-sha2-nistp256 AAAAE2VjZHNhLXNoYTItbmlzdHAyNTYAAAAIbmlzdHAyNTYAAABBBFGxPi8hFMvzXADoXVBt0rg3fuNkEYVik/7j9uWivzv34OOJuuPxKs2rXZIY4jC4X9YmGmtGwXRpLcaOVaXUut0= root@ubuntu-xenial
ssh-ed25519 AAAAC3NzaC1lZDI1NTE5AAAAIN9Atv4tRUQhBlaQDw3OkhmWBdFbKZZNGz3VIDggwmt1 root@ubuntu-xenial
ssh-rsa AAAAB3NzaC1yc2EAAAADAQABAAABAQDqDDQjHgRUoKGR+K2XwUpPlgawk2pyEGoeF8OuqXGVKo6+dm8Tr0cSrpnGTe2ziULaIN/efeqhI+dwiAyB8cYEt3DeH61Z0hPAZWRkhXfl4Lv5GrVIpUk6mZRZobtYHWdNABhIvdxq5PGd06MxH/CGqorHveLhBuXaxilE9etVIX6d+0MUpvgOLSLLfLrv5ygHEUCMz54IFkFM89iZHRCh1Sm608Ne91Siip6FnBDo0ZzXleb2vTBlybaaL+32tiedD45lQuWl7E5pNfTfJmYMt8hCND8VA4jhee4CG0Kub12uppOAIhR/2SEi6Uwuk5RTNmmSFx9d0YHoO71Ca2ej root@ubuntu-xenial
-----END SSH HOST KEY KEYS-----
[   20.981237] cloud-init[1429]: Cloud-init v. 21.1-19-gbad84ad4-0ubuntu1~16.04.2 running 'modules:final' at Sun, 22 Jan 2023 15:54:36 +0000. Up 20.71 seconds.
[   20.984642] cloud-init[1429]: ci-info: no authorized SSH keys fingerprints found for user ubuntu.
[   20.986905] cloud-init[1429]: Cloud-init v. 21.1-19-gbad84ad4-0ubuntu1~16.04.2 finished at Sun, 22 Jan 2023 15:54:36 +0000. Datasource DataSourceNoCloud [seed=/dev/sdb][dsmode=net].  Up 20.95 seconds

Ubuntu 16.04.7 LTS ubuntu-xenial ttyS0

ubuntu-xenial login: 